App.tsx(2,62): error TS7016: Could not find a declaration file for module 'lucide-react'. 'D:/x10minds-archery-ai/frontend/node_modules/lucide-react/dist/cjs/lucide-react.js' implicitly has an 'any' type.
  Try `npm i --save-dev @types/lucide-react` if it exists or add a new declaration (.d.ts) file containing `declare module 'lucide-react';`
components/AnalysisView.tsx(14,8): error TS7016: Could not find a declaration file for module 'lucide-react'. 'D:/x10minds-archery-ai/frontend/node_modules/lucide-react/dist/cjs/lucide-react.js' implicitly has an 'any' type.
  Try `npm i --save-dev @types/lucide-react` if it exists or add a new declaration (.d.ts) file containing `declare module 'lucide-react';`
components/ArcheryLoader.tsx(9,8): error TS7016: Could not find a declaration file for module 'lucide-react'. 'D:/x10minds-archery-ai/frontend/node_modules/lucide-react/dist/cjs/lucide-react.js' implicitly has an 'any' type.
  Try `npm i --save-dev @types/lucide-react` if it exists or add a new declaration (.d.ts) file containing `declare module 'lucide-react';`
components/Auth.tsx(23,8): error TS7016: Could not find a declaration file for module 'lucide-react'. 'D:/x10minds-archery-ai/frontend/node_modules/lucide-react/dist/cjs/lucide-react.js' implicitly has an 'any' type.
  Try `npm i --save-dev @types/lucide-react` if it exists or add a new declaration (.d.ts) file containing `declare module 'lucide-react';`
components/CalculatorView.tsx(2,28): error TS7016: Could not find a declaration file for module 'lucide-react'. 'D:/x10minds-archery-ai/frontend/node_modules/lucide-react/dist/cjs/lucide-react.js' implicitly has an 'any' type.
  Try `npm i --save-dev @types/lucide-react` if it exists or add a new declaration (.d.ts) file containing `declare module 'lucide-react';`
components/ChatInterface.tsx(36,8): error TS7016: Could not find a declaration file for module 'lucide-react'. 'D:/x10minds-archery-ai/frontend/node_modules/lucide-react/dist/cjs/lucide-react.js' implicitly has an 'any' type.
  Try `npm i --save-dev @types/lucide-react` if it exists or add a new declaration (.d.ts) file containing `declare module 'lucide-react';`
components/CookieConsent.tsx(12,8): error TS7016: Could not find a declaration file for module 'lucide-react'. 'D:/x10minds-archery-ai/frontend/node_modules/lucide-react/dist/cjs/lucide-react.js' implicitly has an 'any' type.
  Try `npm i --save-dev @types/lucide-react` if it exists or add a new declaration (.d.ts) file containing `declare module 'lucide-react';`
components/Dashboard.tsx(26,8): error TS7016: Could not find a declaration file for module 'lucide-react'. 'D:/x10minds-archery-ai/frontend/node_modules/lucide-react/dist/cjs/lucide-react.js' implicitly has an 'any' type.
  Try `npm i --save-dev @types/lucide-react` if it exists or add a new declaration (.d.ts) file containing `declare module 'lucide-react';`
components/ExerciseView.tsx(15,8): error TS7016: Could not find a declaration file for module 'lucide-react'. 'D:/x10minds-archery-ai/frontend/node_modules/lucide-react/dist/cjs/lucide-react.js' implicitly has an 'any' type.
  Try `npm i --save-dev @types/lucide-react` if it exists or add a new declaration (.d.ts) file containing `declare module 'lucide-react';`
components/ExerciseView.tsx(140,12): error TS18048: 'ex.duration' is possibly 'undefined'.
components/ExerciseView.tsx(286,9): error TS2532: Object is possibly 'undefined'.
components/ExerciseView.tsx(462,32): error TS18048: 'ex.duration' is possibly 'undefined'.
components/ExerciseView.tsx(901,23): error TS18048: 'activeEx.duration' is possibly 'undefined'.
components/ExerciseView.tsx(906,22): error TS18048: 'activeEx.duration' is possibly 'undefined'.
components/HistoryView.tsx(18,8): error TS7016: Could not find a declaration file for module 'lucide-react'. 'D:/x10minds-archery-ai/frontend/node_modules/lucide-react/dist/cjs/lucide-react.js' implicitly has an 'any' type.
  Try `npm i --save-dev @types/lucide-react` if it exists or add a new declaration (.d.ts) file containing `declare module 'lucide-react';`
components/ImageGenView.tsx(15,8): error TS7016: Could not find a declaration file for module 'lucide-react'. 'D:/x10minds-archery-ai/frontend/node_modules/lucide-react/dist/cjs/lucide-react.js' implicitly has an 'any' type.
  Try `npm i --save-dev @types/lucide-react` if it exists or add a new declaration (.d.ts) file containing `declare module 'lucide-react';`
components/LandingPage.tsx(28,8): error TS7016: Could not find a declaration file for module 'lucide-react'. 'D:/x10minds-archery-ai/frontend/node_modules/lucide-react/dist/cjs/lucide-react.js' implicitly has an 'any' type.
  Try `npm i --save-dev @types/lucide-react` if it exists or add a new declaration (.d.ts) file containing `declare module 'lucide-react';`
components/LeaderboardView.tsx(11,8): error TS7016: Could not find a declaration file for module 'lucide-react'. 'D:/x10minds-archery-ai/frontend/node_modules/lucide-react/dist/cjs/lucide-react.js' implicitly has an 'any' type.
  Try `npm i --save-dev @types/lucide-react` if it exists or add a new declaration (.d.ts) file containing `declare module 'lucide-react';`
components/LegalPages.tsx(2,56): error TS7016: Could not find a declaration file for module 'lucide-react'. 'D:/x10minds-archery-ai/frontend/node_modules/lucide-react/dist/cjs/lucide-react.js' implicitly has an 'any' type.
  Try `npm i --save-dev @types/lucide-react` if it exists or add a new declaration (.d.ts) file containing `declare module 'lucide-react';`
components/Navigation.tsx(26,8): error TS7016: Could not find a declaration file for module 'lucide-react'. 'D:/x10minds-archery-ai/frontend/node_modules/lucide-react/dist/cjs/lucide-react.js' implicitly has an 'any' type.
  Try `npm i --save-dev @types/lucide-react` if it exists or add a new declaration (.d.ts) file containing `declare module 'lucide-react';`
components/Navigation.tsx(58,47): error TS2686: 'React' refers to a UMD global, but the current file is a module. Consider adding an import instead.
components/Navigation.tsx(496,16): error TS2686: 'React' refers to a UMD global, but the current file is a module. Consider adding an import instead.
components/NewsView.tsx(15,8): error TS7016: Could not find a declaration file for module 'lucide-react'. 'D:/x10minds-archery-ai/frontend/node_modules/lucide-react/dist/cjs/lucide-react.js' implicitly has an 'any' type.
  Try `npm i --save-dev @types/lucide-react` if it exists or add a new declaration (.d.ts) file containing `declare module 'lucide-react';`
components/Overlays.tsx(9,8): error TS7016: Could not find a declaration file for module 'lucide-react'. 'D:/x10minds-archery-ai/frontend/node_modules/lucide-react/dist/cjs/lucide-react.js' implicitly has an 'any' type.
  Try `npm i --save-dev @types/lucide-react` if it exists or add a new declaration (.d.ts) file containing `declare module 'lucide-react';`
components/ReportBug.tsx(2,40): error TS7016: Could not find a declaration file for module 'lucide-react'. 'D:/x10minds-archery-ai/frontend/node_modules/lucide-react/dist/cjs/lucide-react.js' implicitly has an 'any' type.
  Try `npm i --save-dev @types/lucide-react` if it exists or add a new declaration (.d.ts) file containing `declare module 'lucide-react';`
components/ResetPassword.tsx(10,8): error TS7016: Could not find a declaration file for module 'lucide-react'. 'D:/x10minds-archery-ai/frontend/node_modules/lucide-react/dist/cjs/lucide-react.js' implicitly has an 'any' type.
  Try `npm i --save-dev @types/lucide-react` if it exists or add a new declaration (.d.ts) file containing `declare module 'lucide-react';`
components/ScheduleView.tsx(15,8): error TS7016: Could not find a declaration file for module 'lucide-react'. 'D:/x10minds-archery-ai/frontend/node_modules/lucide-react/dist/cjs/lucide-react.js' implicitly has an 'any' type.
  Try `npm i --save-dev @types/lucide-react` if it exists or add a new declaration (.d.ts) file containing `declare module 'lucide-react';`
components/ScoringView.tsx(11,8): error TS7016: Could not find a declaration file for module 'lucide-react'. 'D:/x10minds-archery-ai/frontend/node_modules/lucide-react/dist/cjs/lucide-react.js' implicitly has an 'any' type.
  Try `npm i --save-dev @types/lucide-react` if it exists or add a new declaration (.d.ts) file containing `declare module 'lucide-react';`
components/Settings.tsx(20,8): error TS7016: Could not find a declaration file for module 'lucide-react'. 'D:/x10minds-archery-ai/frontend/node_modules/lucide-react/dist/cjs/lucide-react.js' implicitly has an 'any' type.
  Try `npm i --save-dev @types/lucide-react` if it exists or add a new declaration (.d.ts) file containing `declare module 'lucide-react';`
components/ShortcutsView.tsx(2,65): error TS7016: Could not find a declaration file for module 'lucide-react'. 'D:/x10minds-archery-ai/frontend/node_modules/lucide-react/dist/cjs/lucide-react.js' implicitly has an 'any' type.
  Try `npm i --save-dev @types/lucide-react` if it exists or add a new declaration (.d.ts) file containing `declare module 'lucide-react';`
components/StaticPages.tsx(11,8): error TS7016: Could not find a declaration file for module 'lucide-react'. 'D:/x10minds-archery-ai/frontend/node_modules/lucide-react/dist/cjs/lucide-react.js' implicitly has an 'any' type.
  Try `npm i --save-dev @types/lucide-react` if it exists or add a new declaration (.d.ts) file containing `declare module 'lucide-react';`
components/SubscriptionView.tsx(2,63): error TS7016: Could not find a declaration file for module 'lucide-react'. 'D:/x10minds-archery-ai/frontend/node_modules/lucide-react/dist/cjs/lucide-react.js' implicitly has an 'any' type.
  Try `npm i --save-dev @types/lucide-react` if it exists or add a new declaration (.d.ts) file containing `declare module 'lucide-react';`
services/firebase.ts(2,82): error TS7016: Could not find a declaration file for module 'firebase/firestore'. 'D:/x10minds-archery-ai/frontend/node_modules/firebase/firestore/dist/esm/index.esm.js' implicitly has an 'any' type.
  If the 'firebase' package actually exposes this module, try adding a new declaration (.d.ts) file containing `declare module 'firebase/firestore';`
